// Jest Snapshot v1, https://goo.gl/fbAQLP

exports[`RecipeCard should render deep correctly 1`] = `
<div
  className="recipe-card"
>
  <div
    alt="Spicy Hotdogs"
    className="recipe-card-image"
    style={
      Object {
        "backgroundImage": "linear-gradient(to bottom, rgba(255,255,255,0) 20%, rgba(245, 242, 242, 1)), url(https://cdn.cnn.com/cnnnext/dam/assets/171027052520-processed-foods-exlarge-tease.jpg)",
      }
    }
  >
    <div
      className="user-chip"
    >
      <img
        alt="Rebecca Jones"
        src="http://www.attractivepartners.co.uk/wp-content/uploads/2017/06/profile.jpg"
      />
      Rebecca Jones
    </div>
  </div>
  <div
    className="recipe-card-title"
  >
    Spicy Hotdogs
  </div>
  <div
    className="recipe-card-body"
  >
    Pork and beef are the traditional meats used in hot dogs. Less expensive hot dogs are often made from chicken or turkey, using low-cost mechanically separated poultry. Hot dogs often have high sodium, fat and nitrite content, ingredients linked to health problems.
  </div>
  <div
    className="recipe-card-footer"
  >
    <div
      className="recipe-card-cooktime"
    >
      <svg
        aria-hidden="true"
        className="svg-inline--fa fa-clock fa-w-16 "
        data-icon="clock"
        data-prefix="far"
        role="img"
        style={Object {}}
        viewBox="0 0 512 512"
        xmlns="http://www.w3.org/2000/svg"
      >
        <path
          d="M256 8C119 8 8 119 8 256s111 248 248 248 248-111 248-248S393 8 256 8zm0 448c-110.5 0-200-89.5-200-200S145.5 56 256 56s200 89.5 200 200-89.5 200-200 200zm61.8-104.4l-84.9-61.7c-3.1-2.3-4.9-5.9-4.9-9.7V116c0-6.6 5.4-12 12-12h32c6.6 0 12 5.4 12 12v141.7l66.8 48.6c5.4 3.9 6.5 11.4 2.6 16.8L334.6 349c-3.9 5.3-11.4 6.5-16.8 2.6z"
          fill="currentColor"
          style={Object {}}
        />
      </svg>
      <span>
        20
         minutes
      </span>
    </div>
    <button
      className="like-container"
    >
      <button
        className="like-area"
        onClick={[Function]}
      />
      <div
        className="like-heart"
      />
      <span
        className="like-count"
      >
        
      </span>
    </button>
  </div>
</div>
`;
